2026-06-03 20:26:49  IN   manual  count=1
2026-06-03 20:26:49  IN   manual  count=2
2026-06-03 20:26:49  IN   manual  count=3
2026-06-03 20:26:49  IN   manual  count=4
2026-06-03 20:30:00  [CAM1] track rematch: 2→3 (dist=9.8)
2026-06-03 20:30:12  [CAM1] track rematch: 4→6 (dist=9.9)
2026-06-03 20:30:21  [CAM1] track rematch: 7→9 (dist=10.3)
2026-06-03 20:30:21  [CAM1] track rematch: 9→9 (dist=0.6)
2026-06-03 20:30:21  [CAM1] track rematch: 10→10 (dist=0.3)
2026-06-03 20:30:38  [CAM1] track rematch: 10→10 (dist=0.6)
2026-06-03 20:30:39  [CAM1] track rematch: 10→10 (dist=0.4)
2026-06-03 20:30:39  [CAM1] track rematch: 10→10 (dist=1.6)
2026-06-03 20:33:11  [CAM1] track rematch: 1→3 (dist=2.2)
2026-06-03 20:33:55  IN   manual  count=1
2026-06-03 20:33:55  IN   manual  count=2
2026-06-03 20:33:55  IN   manual  count=3
2026-06-03 20:33:56  IN   manual  count=4
2026-06-03 20:33:56  IN   manual  count=5
2026-06-03 20:34:36  [CAM1] track rematch: 3→4 (dist=4.5)
2026-06-03 20:34:59  OUT  manual  count=0
2026-06-03 20:34:59  OUT  manual  count=0
2026-06-03 20:35:00  OUT  manual  count=0
2026-06-03 20:35:00  IN   manual  count=1
2026-06-03 20:35:00  IN   manual  count=2
2026-06-03 20:35:00  IN   manual  count=3
2026-06-03 20:35:00  [CAM1] track rematch: 1→3 (dist=0.5)
2026-06-03 20:35:04  IN   manual  count=4
2026-06-03 20:35:04  IN   manual  count=5
2026-06-03 20:35:07  [CAM1] track rematch: 3→6 (dist=0.4)
2026-06-03 20:35:12  [CAM2] track rematch: 2→9 (dist=0.3)
2026-06-03 20:35:28  [CAM1] track rematch: 6→10 (dist=40.2)
2026-06-03 20:35:39  [CAM2] track rematch: 9→12 (dist=0.2)
2026-06-03 20:35:42  [CAM1] track rematch: 10→13 (dist=5.5)
2026-06-03 20:35:47  [CAM1] track rematch: 13→14 (dist=4.6)
2026-06-03 20:35:48  [CAM1] track rematch: 14→15 (dist=48.2)
2026-06-03 20:35:54  [CAM2] track rematch: 18→19 (dist=81.9)
2026-06-03 20:35:54  [CAM2] OUT  count=4
2026-06-03 20:35:55  [CAM1] track rematch: 15→23 (dist=12.7)
2026-06-03 20:35:55  [CAM1] track rematch: 23→15 (dist=6.9)
2026-06-03 20:35:55  [CAM1] track rematch: 15→23 (dist=1.6)
2026-06-03 20:35:55  [CAM1] track rematch: 23→25 (dist=19.9)
2026-06-03 20:35:55  [CAM1] track rematch: 25→23 (dist=20.2)
2026-06-03 20:35:57  [CAM2] track rematch: 19→27 (dist=34.0)
2026-06-03 20:36:52  [CAM2] track rematch: 29→31 (dist=1.0)
2026-06-03 20:36:59  [CAM2] track rematch: 31→32 (dist=0.2)
2026-06-03 20:38:05  [CAM2] track rematch: 33→36 (dist=39.7)
2026-06-03 20:38:05  [CAM1] track rematch: 23→38 (dist=9.9)
2026-06-03 20:38:06  [CAM2] IN   count=5
2026-06-03 20:38:06  [CAM2] track rematch: 36→43 (dist=58.9)
2026-06-03 20:38:07  [CAM2] track rematch: 43→44 (dist=59.4)
2026-06-03 20:38:09  [CAM1] track rematch: 38→46 (dist=22.3)
2026-06-03 20:38:26  [CAM2] track rematch: 47→49 (dist=0.2)
2026-06-03 20:39:18  [CAM2] track rematch: 49→51 (dist=0.6)
2026-06-03 20:39:31  [CAM2] track rematch: 51→53 (dist=1.4)
2026-06-03 20:39:36  [CAM2] track rematch: 53→54 (dist=0.9)
2026-06-03 20:39:49  [CAM2] track rematch: 54→55 (dist=0.3)
2026-06-03 20:40:48  [CAM2] track rematch: 55→56 (dist=0.3)
2026-06-03 20:41:32  [CAM2] track rematch: 56→57 (dist=0.2)
2026-06-03 20:42:20  [CAM2] track rematch: 57→58 (dist=0.9)
2026-06-03 20:42:37  [CAM2] track rematch: 58→59 (dist=1.6)
2026-06-03 20:42:45  [CAM1] track rematch: 46→60 (dist=40.9)
2026-06-03 20:43:19  [CAM2] track rematch: 59→62 (dist=0.9)
