2026-06-03 13:03:27  IN   manual  count=1
2026-06-03 13:03:27  IN   manual  count=2
2026-06-03 13:04:02  [CAM2] OUT  count=1
2026-06-03 13:04:12  IN   manual  count=2
2026-06-03 13:04:41  IN   manual  count=1
2026-06-03 13:04:41  IN   manual  count=2
2026-06-03 13:05:16  [CAM2] IN   count=3
2026-06-03 13:06:24  [CAM1] OUT  count=2
2026-06-03 13:56:42  [CAM2] OUT  count=1
2026-06-03 14:17:40  [CAM1] OUT  count=0
2026-06-03 14:19:51  [CAM1] IN   count=1
2026-06-03 14:21:34  [CAM1] OUT  count=0
2026-06-03 14:27:55  [CAM1] IN   count=1
2026-06-03 14:28:04  [CAM1] OUT  count=0
2026-06-03 14:28:08  [CAM1] IN   count=1
2026-06-03 14:30:29  [CAM1] OUT  count=0
2026-06-03 14:30:34  [CAM1] OUT  count=0
2026-06-03 14:49:43  [CAM1] OUT  count=0
2026-06-03 16:01:42  [CAM1] OUT  count=0
2026-06-03 16:04:34  [CAM1] OUT  count=0
2026-06-03 16:07:47  [CAM1] IN   count=1
2026-06-03 16:07:59  [CAM1] OUT  count=0
2026-06-03 16:08:09  [CAM1] IN   count=1
2026-06-03 16:08:17  [CAM1] OUT  count=0
2026-06-03 16:08:29  [CAM1] OUT  count=0
2026-06-03 16:09:55  [CAM1] IN   count=1
2026-06-03 16:09:57  [CAM1] IN   count=2
2026-06-03 16:10:19  [CAM1] OUT  count=1
2026-06-03 16:10:33  [CAM1] IN   count=2
2026-06-03 16:12:19  [CAM1] OUT  count=1
2026-06-03 16:12:29  [CAM1] IN   count=2
2026-06-03 16:15:39  [CAM1] OUT  count=1
2026-06-03 16:16:25  [CAM1] IN   count=2
2026-06-03 16:23:56  [CAM1] OUT  count=1
2026-06-03 16:23:59  [CAM1] IN   count=2
2026-06-03 16:45:00  [CAM1] OUT  count=1
2026-06-03 16:47:32  [CAM1] IN   count=2
2026-06-03 16:51:49  [CAM1] OUT  count=1
2026-06-03 17:03:07  [CAM1] OUT  count=0
2026-06-03 17:06:04  [CAM1] OUT  count=0
2026-06-03 17:06:36  [CAM1] IN   count=1
2026-06-03 17:16:06  [CAM1] IN   count=2
2026-06-03 17:16:08  [CAM1] OUT  count=1
2026-06-03 17:50:18  [CAM1] OUT  count=0
2026-06-03 17:55:07  [CAM1] OUT  count=0
2026-06-03 17:57:38  [CAM1] OUT  count=0
2026-06-03 18:00:54  [CAM1] OUT  count=0
2026-06-03 18:01:10  [CAM1] OUT  count=0
2026-06-03 18:03:15  [CAM1] OUT  count=0
2026-06-03 18:15:32  [CAM1] IN   count=1
2026-06-03 18:22:01  [CAM1] IN   count=2
2026-06-03 18:24:20  [CAM1] OUT  count=1
2026-06-03 18:24:30  [CAM2] OUT  count=0
2026-06-03 18:26:12  [CAM1] OUT  count=0
2026-06-03 18:31:40  [CAM1] IN   count=1
2026-06-03 18:40:37  [CAM1] OUT  count=0
2026-06-03 18:40:39  [CAM1] OUT  count=0
2026-06-03 18:41:10  [CAM1] OUT  count=0
2026-06-03 18:42:56  [CAM1] IN   count=1
2026-06-03 18:44:43  [CAM1] IN   count=2
2026-06-03 18:44:50  [CAM1] OUT  count=1
2026-06-03 18:45:23  [CAM1] IN   count=2
2026-06-03 18:45:26  [CAM1] OUT  count=1
2026-06-03 18:45:30  [CAM1] IN   count=2
2026-06-03 18:45:38  [CAM1] IN   count=3
2026-06-03 18:46:59  [CAM1] OUT  count=2
2026-06-03 18:47:19  [CAM1] IN   count=3
2026-06-03 18:50:17  [CAM1] OUT  count=2
2026-06-03 18:51:00  [CAM1] OUT  count=1
2026-06-03 18:58:40  [CAM1] OUT  count=0
2026-06-03 18:58:46  [CAM1] IN   count=1
2026-06-03 18:59:25  [CAM1] IN   count=2
2026-06-03 19:01:57  [CAM1] IN   count=3
2026-06-03 19:26:46  [CAM1] OUT  count=2
2026-06-03 19:28:59  [CAM2] IN   count=3
2026-06-03 19:30:23  [CAM1] OUT  count=2
2026-06-03 19:30:26  [CAM1] IN   count=3
2026-06-03 19:36:00  IN   manual  count=1
2026-06-03 19:36:01  IN   manual  count=2
2026-06-03 19:36:01  IN   manual  count=3
2026-06-03 19:36:02  IN   manual  count=4
2026-06-03 19:36:57  [CAM1] OUT  count=3
2026-06-03 19:37:12  [CAM2] OUT  count=2
2026-06-03 19:37:33  IN   manual  count=3
2026-06-03 19:38:20  IN   manual  count=1
2026-06-03 19:38:20  IN   manual  count=2
2026-06-03 19:38:20  IN   manual  count=3
2026-06-03 19:39:43  [CAM1] IN   count=4
2026-06-03 19:44:44  [CAM1] OUT  count=3
2026-06-03 19:44:52  [CAM2] OUT  count=2
2026-06-03 19:46:18  OUT  manual  count=1
2026-06-03 19:46:27  [CAM2] OUT  count=0
2026-06-03 19:46:32  [CAM2] IN   count=1
2026-06-03 19:47:34  [CAM2] OUT  count=0
2026-06-03 19:47:44  [CAM2] IN   count=1
2026-06-03 19:48:42  [CAM1] OUT  count=0
2026-06-03 19:49:25  [CAM1] IN   count=1
2026-06-03 19:50:13  [CAM2] OUT  count=0
2026-06-03 19:50:14  [CAM2] IN   count=1
2026-06-03 19:50:14  [CAM2] OUT  count=0
2026-06-03 19:50:15  [CAM2] IN   count=1
2026-06-03 19:56:38  IN   manual  count=1
2026-06-03 19:56:46  [CAM2] OUT  count=0
2026-06-03 19:56:57  [CAM2] IN   count=1
2026-06-03 19:57:17  [CAM1] OUT  count=0
2026-06-03 20:00:11  IN   manual  count=1
2026-06-03 20:00:58  [CAM1] IN   count=2
2026-06-03 20:01:01  [CAM1] OUT  count=1
2026-06-03 20:01:01  [CAM1] IN   count=2
2026-06-03 20:01:01  [CAM1] OUT  count=1
2026-06-03 20:01:20  [CAM2] OUT  count=0
2026-06-03 20:01:27  [CAM1] OUT  count=0
2026-06-03 20:02:05  IN   manual  count=1
2026-06-03 20:02:05  IN   manual  count=2
2026-06-03 20:02:13  [CAM1] IN   count=3
2026-06-03 20:02:20  [CAM2] IN   count=4
2026-06-03 20:03:45  IN   manual  count=1
2026-06-03 20:03:54  [CAM1] OUT  count=0
2026-06-03 20:04:02  [CAM2] IN   count=1
2026-06-03 20:04:02  [CAM2] IN   count=2
2026-06-03 20:06:00  OUT  manual  count=1
2026-06-03 20:06:03  [CAM2] IN   count=2
2026-06-03 20:06:09  [CAM2] OUT  count=1
2026-06-03 20:06:53  IN   manual  count=1
2026-06-03 20:06:56  [CAM2] OUT  count=0
2026-06-03 20:07:01  [CAM2] IN   count=1
2026-06-03 20:07:07  [CAM2] OUT  count=0
2026-06-03 20:07:09  [CAM2] IN   count=1
2026-06-03 20:07:11  [CAM2] OUT  count=0
2026-06-03 20:07:15  [CAM2] OUT  count=0
2026-06-03 20:07:18  [CAM2] OUT  count=0
2026-06-03 20:07:24  [CAM2] OUT  count=0
2026-06-03 20:07:26  [CAM2] IN   count=1
2026-06-03 20:11:51  IN   manual  count=1
2026-06-03 20:11:59  [CAM2] OUT  count=0
2026-06-03 20:12:02  [CAM2] IN   count=1
2026-06-03 20:12:04  [CAM2] OUT  count=0
2026-06-03 20:12:06  [CAM2] IN   count=1
2026-06-03 20:12:19  [CAM2] OUT  count=0
2026-06-03 20:12:19  [CAM2] OUT  count=0
2026-06-03 20:12:25  [CAM2] OUT  count=0
2026-06-03 20:12:27  [CAM2] IN   count=1
2026-06-03 20:12:29  [CAM2] OUT  count=0
2026-06-03 20:12:31  [CAM2] IN   count=1
2026-06-03 20:16:05  IN   manual  count=1
2026-06-03 20:16:05  [CAM1] track rematch: 1→2 (dist=5.7)
2026-06-03 20:16:06  [CAM1] track rematch: 2→5 (dist=63.7)
2026-06-03 20:16:10  [CAM2] track rematch: 6→7 (dist=74.9)
2026-06-03 20:16:11  [CAM1] track rematch: 5→5 (dist=1.8)
2026-06-03 20:16:11  [CAM1] track rematch: 5→5 (dist=0.3)
2026-06-03 20:16:11  [CAM1] track rematch: 9→9 (dist=0.4)
2026-06-03 20:16:11  [CAM1] track rematch: 9→9 (dist=0.7)
2026-06-03 20:16:13  [CAM1] track rematch: 5→5 (dist=0.6)
2026-06-03 20:16:13  [CAM1] track rematch: 5→5 (dist=0.4)
2026-06-03 20:16:14  [CAM2] OUT  count=0
2026-06-03 20:16:15  [CAM2] IN   count=1
2026-06-03 20:16:17  [CAM1] track rematch: 13→13 (dist=1.2)
2026-06-03 20:16:17  [CAM2] OUT  count=0
2026-06-03 20:16:20  [CAM1] track rematch: 13→13 (dist=0.5)
2026-06-03 20:16:20  [CAM1] track rematch: 13→13 (dist=0.5)
2026-06-03 20:16:21  [CAM2] track rematch: 17→20 (dist=15.4)
2026-06-03 20:16:21  [CAM1] track rematch: 13→13 (dist=0.4)
2026-06-03 20:16:21  [CAM1] track rematch: 13→13 (dist=0.4)
2026-06-03 20:16:21  [CAM2] track rematch: 20→24 (dist=28.5)
2026-06-03 20:16:21  [CAM2] OUT  count=0
2026-06-03 20:16:21  [CAM2] track rematch: 15→25 (dist=36.6)
2026-06-03 20:16:23  [CAM2] track rematch: 24→20 (dist=40.5)
2026-06-03 20:16:23  [CAM2] IN   count=1
2026-06-03 20:16:23  [CAM1] track rematch: 16→16 (dist=0.3)
2026-06-03 20:16:25  [CAM2] track rematch: 20→27 (dist=31.2)
2026-06-03 20:16:25  [CAM2] OUT  count=0
2026-06-03 20:16:26  [CAM1] track rematch: 16→16 (dist=0.7)
2026-06-03 20:16:27  [CAM1] track rematch: 28→28 (dist=13.1)
2026-06-03 20:16:27  [CAM2] track rematch: 27→29 (dist=70.9)
2026-06-03 20:16:27  [CAM2] IN   count=1
2026-06-03 20:16:27  [CAM1] track rematch: 28→31 (dist=14.5)
2026-06-03 20:16:27  [CAM1] track rematch: 31→31 (dist=0.9)
2026-06-03 20:16:28  [CAM2] track rematch: 30→30 (dist=15.0)
2026-06-03 20:16:28  [CAM2] OUT  count=0
2026-06-03 20:16:29  [CAM2] track rematch: 29→33 (dist=123.9)
2026-06-03 20:16:29  [CAM2] OUT  count=0
2026-06-03 20:16:29  [CAM2] track rematch: 30→30 (dist=4.9)
2026-06-03 20:16:30  [CAM1] track rematch: 16→16 (dist=0.1)
2026-06-03 20:16:30  [CAM2] track rematch: 30→35 (dist=86.9)
2026-06-03 20:16:30  [CAM2] IN   count=1
2026-06-03 20:16:32  [CAM2] OUT  count=0
2026-06-03 20:16:33  [CAM1] track rematch: 16→16 (dist=1.4)
2026-06-03 20:16:33  [CAM2] IN   count=1
2026-06-03 20:16:35  [CAM2] OUT  count=0
2026-06-03 20:16:35  [CAM1] track rematch: 36→38 (dist=7.8)
2026-06-03 20:16:35  [CAM1] track rematch: 16→16 (dist=0.4)
2026-06-03 20:16:35  [CAM2] IN   count=1
2026-06-03 20:16:37  [CAM1] track rematch: 38→39 (dist=17.4)
2026-06-03 20:16:37  [CAM2] OUT  count=0
2026-06-03 20:16:37  [CAM1] track rematch: 39→39 (dist=0.1)
2026-06-03 20:16:37  [CAM2] IN   count=1
2026-06-03 20:16:39  [CAM1] track rematch: 16→16 (dist=1.5)
2026-06-03 20:16:39  [CAM1] track rematch: 16→16 (dist=0.7)
2026-06-03 20:16:39  [CAM1] track rematch: 16→16 (dist=0.5)
2026-06-03 20:16:39  [CAM2] track rematch: 35→50 (dist=11.2)
2026-06-03 20:16:40  [CAM2] track rematch: 53→53 (dist=2.2)
2026-06-03 20:16:40  [CAM2] track rematch: 54→54 (dist=8.4)
2026-06-03 20:16:41  [CAM2] track rematch: 54→57 (dist=18.6)
2026-06-03 20:16:41  [CAM2] track rematch: 57→50 (dist=13.2)
2026-06-03 20:16:41  [CAM1] track rematch: 39→58 (dist=7.4)
2026-06-03 20:16:41  [CAM2] track rematch: 53→59 (dist=27.3)
2026-06-03 20:16:41  [CAM2] track rematch: 50→57 (dist=24.8)
2026-06-03 20:16:41  [CAM2] track rematch: 59→60 (dist=32.3)
2026-06-03 20:16:41  [CAM2] track rematch: 57→61 (dist=9.2)
2026-06-03 20:16:41  [CAM2] track rematch: 61→61 (dist=7.9)
2026-06-03 20:16:42  [CAM1] track rematch: 58→62 (dist=90.2)
2026-06-03 20:16:53  [CAM1] track rematch: 62→67 (dist=1.9)
2026-06-03 20:16:59  [CAM1] track rematch: 67→69 (dist=1.0)
2026-06-03 20:17:03  [CAM2] track rematch: 72→73 (dist=14.1)
2026-06-03 20:17:03  [CAM2] track rematch: 73→74 (dist=17.7)
2026-06-03 20:17:16  IN   manual  count=1
2026-06-03 20:17:17  IN   manual  count=2
2026-06-03 20:17:17  IN   manual  count=3
2026-06-03 20:17:18  IN   manual  count=4
2026-06-03 20:17:20  [CAM1] OUT  count=3
2026-06-03 20:17:21  [CAM1] IN   count=4
2026-06-03 20:17:22  [CAM1] track rematch: 1→3 (dist=38.4)
2026-06-03 20:17:23  [CAM1] track rematch: 3→6 (dist=15.2)
2026-06-03 20:17:23  [CAM1] track rematch: 6→7 (dist=4.4)
2026-06-03 20:17:23  [CAM1] track rematch: 7→8 (dist=11.7)
2026-06-03 20:17:23  [CAM1] track rematch: 8→9 (dist=18.0)
2026-06-03 20:18:04  IN   manual  count=1
2026-06-03 20:18:04  IN   manual  count=2
2026-06-03 20:18:04  IN   manual  count=3
2026-06-03 20:18:04  IN   manual  count=4
2026-06-03 20:18:10  [CAM2] track rematch: 2→3 (dist=20.3)
2026-06-03 20:18:10  [CAM2] track rematch: 3→4 (dist=33.1)
2026-06-03 20:18:10  [CAM2] track rematch: 4→4 (dist=16.1)
2026-06-03 20:18:10  [CAM2] OUT  count=3
2026-06-03 20:18:12  [CAM2] IN   count=4
2026-06-03 20:18:12  [CAM2] track rematch: 4→6 (dist=64.8)
2026-06-03 20:18:21  [CAM2] track rematch: 6→9 (dist=24.2)
2026-06-03 20:18:21  [CAM2] OUT  count=3
2026-06-03 20:18:22  [CAM2] IN   count=4
2026-06-03 20:18:22  [CAM2] track rematch: 9→10 (dist=56.7)
2026-06-03 20:18:22  [CAM2] track rematch: 10→11 (dist=11.1)
2026-06-03 20:18:24  [CAM2] track rematch: 11→13 (dist=45.7)
2026-06-03 20:18:24  [CAM2] track rematch: 13→13 (dist=4.8)
2026-06-03 20:18:25  [CAM2] track rematch: 13→15 (dist=18.1)
2026-06-03 20:18:25  [CAM2] track rematch: 15→13 (dist=6.7)
2026-06-03 20:18:25  [CAM2] track rematch: 13→16 (dist=19.4)
2026-06-03 20:18:25  [CAM1] track rematch: 1→17 (dist=74.0)
2026-06-03 20:18:25  [CAM1] track rematch: 17→20 (dist=2.0)
2026-06-03 20:18:29  [CAM1] track rematch: 20→23 (dist=3.5)
2026-06-03 20:18:29  [CAM1] track rematch: 23→27 (dist=0.6)
2026-06-03 20:20:58  [CAM2] track rematch: 30→31 (dist=0.2)
2026-06-03 20:23:36  [CAM2] track rematch: 31→32 (dist=0.4)
2026-06-03 20:24:01  [CAM1] track rematch: 33→36 (dist=4.1)
2026-06-03 20:24:02  [CAM1] track rematch: 36→37 (dist=30.2)
2026-06-03 20:24:03  [CAM1] IN   count=5
2026-06-03 20:24:11  [CAM2] track rematch: 32→38 (dist=0.3)
2026-06-03 20:25:36  IN   manual  count=1
2026-06-03 20:25:36  IN   manual  count=2
2026-06-03 20:25:36  IN   manual  count=3
2026-06-03 20:25:37  IN   manual  count=4
2026-06-03 20:29:59  [CAM1] track rematch: 1→3 (dist=5.5)
2026-06-03 20:30:00  [CAM1] track rematch: 3→4 (dist=9.7)
2026-06-03 20:30:12  [CAM1] track rematch: 5→7 (dist=10.6)
2026-06-03 20:30:12  [CAM1] track rematch: 7→7 (dist=5.6)
2026-06-03 20:30:21  [CAM1] track rematch: 7→10 (dist=9.6)
2026-06-03 20:30:21  [CAM1] track rematch: 11→11 (dist=1.0)
2026-06-03 20:30:38  [CAM1] track rematch: 11→11 (dist=0.5)
2026-06-03 20:30:39  [CAM1] track rematch: 11→11 (dist=0.9)
2026-06-03 20:30:39  [CAM1] track rematch: 11→11 (dist=0.6)
2026-06-03 20:30:39  [CAM1] track rematch: 11→11 (dist=3.5)
2026-06-03 20:31:29  [CAM1] OUT  count=3
2026-06-03 20:31:39  [CAM1] track rematch: 20→21 (dist=7.1)
2026-06-03 20:31:40  [CAM1] track rematch: 21→22 (dist=9.1)
